// Jest Snapshot v1, https://goo.gl/fbAQLP

exports[`The ElasticSearchMonitor stack matches the snapshot 1`] = `
Object {
  "Parameters": Object {
    "ClusterSecurityGroup": Object {
      "Description": "A security group allowing the lambda to connect to Elasticsearch on port 9200 over TCP",
      "Type": "AWS::EC2::SecurityGroup::Id",
    },
    "DistributionBucketName": Object {
      "Default": "/account/services/artifact.bucket",
      "Description": "SSM parameter containing the S3 bucket name holding distribution artifacts",
      "Type": "AWS::SSM::Parameter::Value<String>",
    },
    "PrivateSubnets": Object {
      "Default": "/account/vpc/primary/subnets/private",
      "Description": "A list of private subnets",
      "Type": "AWS::SSM::Parameter::Value<List<AWS::EC2::Subnet::Id>>",
    },
    "VpcId": Object {
      "Default": "/account/vpc/primary/id",
      "Description": "Virtual Private Cloud to run EC2 instances within. Should NOT be the account default VPC.",
      "Type": "AWS::SSM::Parameter::Value<AWS::EC2::VPC::Id>",
    },
  },
  "Resources": Object {
    "ClusterStatusAlarm75657749": Object {
      "Properties": Object {
        "ActionsEnabled": true,
        "AlarmActions": Array [
          Object {
            "Fn::Join": Array [
              "",
              Array [
                "arn:aws:sns:",
                Object {
                  "Ref": "AWS::Region",
                },
                ":",
                Object {
                  "Ref": "AWS::AccountId",
                },
                ":",
                Object {
                  "Fn::GetAtt": Array [
                    "ElkAlertChannel1915A337",
                    "TopicName",
                  ],
                },
              ],
            ],
          },
        ],
        "AlarmDescription": "Unexpected cluster status in TEST",
        "ComparisonOperator": "GreaterThanThreshold",
        "Dimensions": Array [
          Object {
            "Name": "Cluster",
            "Value": "elk",
          },
        ],
        "EvaluationPeriods": 15,
        "MetricName": "Status",
        "Namespace": "deploy/elk",
        "Period": 60,
        "Statistic": "Maximum",
        "Threshold": 0,
      },
      "Type": "AWS::CloudWatch::Alarm",
    },
    "DataNodeCountAlarm0ECE9147": Object {
      "Properties": Object {
        "ActionsEnabled": true,
        "AlarmActions": Array [
          Object {
            "Fn::Join": Array [
              "",
              Array [
                "arn:aws:sns:",
                Object {
                  "Ref": "AWS::Region",
                },
                ":",
                Object {
                  "Ref": "AWS::AccountId",
                },
                ":",
                Object {
                  "Fn::GetAtt": Array [
                    "ElkAlertChannel1915A337",
                    "TopicName",
                  ],
                },
              ],
            ],
          },
        ],
        "AlarmDescription": "Unexpected count of data nodes in TEST",
        "ComparisonOperator": "LessThanThreshold",
        "Dimensions": Array [
          Object {
            "Name": "Cluster",
            "Value": "elk",
          },
        ],
        "EvaluationPeriods": 2,
        "MetricName": "NumberOfDataNodes",
        "Namespace": "deploy/elk",
        "Period": 60,
        "Statistic": "Minimum",
        "Threshold": 3,
      },
      "Type": "AWS::CloudWatch::Alarm",
    },
    "DataNodeJvmHeapUsageAlarmDECB3926": Object {
      "Properties": Object {
        "ActionsEnabled": true,
        "AlarmActions": Array [
          Object {
            "Fn::Join": Array [
              "",
              Array [
                "arn:aws:sns:",
                Object {
                  "Ref": "AWS::Region",
                },
                ":",
                Object {
                  "Ref": "AWS::AccountId",
                },
                ":",
                Object {
                  "Fn::GetAtt": Array [
                    "ElkAlertChannel1915A337",
                    "TopicName",
                  ],
                },
              ],
            ],
          },
        ],
        "AlarmDescription": "A data node is using too much of its heap in TEST",
        "ComparisonOperator": "GreaterThanThreshold",
        "Dimensions": Array [
          Object {
            "Name": "Cluster",
            "Value": "elk",
          },
        ],
        "EvaluationPeriods": 2,
        "MetricName": "MaxJvmHeapUsage",
        "Namespace": "deploy/elk",
        "Period": 60,
        "Statistic": "Maximum",
        "Threshold": 85,
      },
      "Type": "AWS::CloudWatch::Alarm",
    },
    "DataNodeLowStorageAlarm72D42DBD": Object {
      "Properties": Object {
        "ActionsEnabled": true,
        "AlarmActions": Array [
          Object {
            "Fn::Join": Array [
              "",
              Array [
                "arn:aws:sns:",
                Object {
                  "Ref": "AWS::Region",
                },
                ":",
                Object {
                  "Ref": "AWS::AccountId",
                },
                ":",
                Object {
                  "Fn::GetAtt": Array [
                    "ElkAlertChannel1915A337",
                    "TopicName",
                  ],
                },
              ],
            ],
          },
        ],
        "AlarmDescription": "A data node is running on less than 85% disk space
    (this is considered a low disk watermark: https://www.datadoghq.com/blog/elasticsearch-unassigned-shards/#reason-5-low-disk-watermark).
    In order to troubleshoot this, follow the instructions on this Trello card: https://trello.com/c/68Bi7pwB.
    Or, if you can't access that you can do the following: Find the id of the instance that is experiencing problems by
    checking https://logs.gutools.co.uk/cerebro. SSH onto the instance ($ ssm ssh -i \\"instance-id\\" -p deployTools).
    Double check the disk space used (curl -s 'localhost:9200/_cat/allocation?v') and access the logs to see if you can
    find any useful error messages ($ grep \\"ERROR\\" /var/log/syslog).",
        "ComparisonOperator": "LessThanThreshold",
        "Dimensions": Array [
          Object {
            "Name": "Cluster",
            "Value": "elk",
          },
        ],
        "EvaluationPeriods": 2,
        "MetricName": "MinFreeDiskSpace",
        "Namespace": "deploy/elk",
        "Period": 60,
        "Statistic": "Minimum",
        "Threshold": 743819616190,
      },
      "Type": "AWS::CloudWatch::Alarm",
    },
    "ElkAlertChannel1915A337": Object {
      "Properties": Object {
        "DisplayName": "ELK alert channel for TEST",
        "Tags": Array [
          Object {
            "Key": "gu:cdk:version",
            "Value": "TEST",
          },
          Object {
            "Key": "gu:repo",
            "Value": "guardian/elastic-search-monitor",
          },
          Object {
            "Key": "Stack",
            "Value": "deploy",
          },
          Object {
            "Key": "Stage",
            "Value": "TEST",
          },
        ],
        "TopicName": "elk-alerts-TEST",
      },
      "Type": "AWS::SNS::Topic",
    },
    "ElkAlertChanneldevxsecopsguardiancouk276AF53D": Object {
      "Properties": Object {
        "Endpoint": "devx.sec.ops@guardian.co.uk",
        "Protocol": "email",
        "TopicArn": Object {
          "Ref": "ElkAlertChannel1915A337",
        },
      },
      "Type": "AWS::SNS::Subscription",
    },
    "MasterNodeCountAlarmFE01B272": Object {
      "Properties": Object {
        "ActionsEnabled": true,
        "AlarmActions": Array [
          Object {
            "Fn::Join": Array [
              "",
              Array [
                "arn:aws:sns:",
                Object {
                  "Ref": "AWS::Region",
                },
                ":",
                Object {
                  "Ref": "AWS::AccountId",
                },
                ":",
                Object {
                  "Fn::GetAtt": Array [
                    "ElkAlertChannel1915A337",
                    "TopicName",
                  ],
                },
              ],
            ],
          },
        ],
        "AlarmDescription": "Unexpected count of master nodes in TEST",
        "ComparisonOperator": "LessThanThreshold",
        "Dimensions": Array [
          Object {
            "Name": "Cluster",
            "Value": "elk",
          },
        ],
        "EvaluationPeriods": 2,
        "MetricName": "NumberOfRespondingMastersNodes",
        "Namespace": "deploy/elk",
        "Period": 60,
        "Statistic": "Minimum",
        "Threshold": 3,
      },
      "Type": "AWS::CloudWatch::Alarm",
    },
    "RedClusterStatusAlarm42644991": Object {
      "Properties": Object {
        "ActionsEnabled": true,
        "AlarmActions": Array [
          Object {
            "Fn::Join": Array [
              "",
              Array [
                "arn:aws:sns:",
                Object {
                  "Ref": "AWS::Region",
                },
                ":",
                Object {
                  "Ref": "AWS::AccountId",
                },
                ":",
                Object {
                  "Fn::GetAtt": Array [
                    "ElkAlertChannel1915A337",
                    "TopicName",
                  ],
                },
              ],
            ],
          },
        ],
        "AlarmDescription": "Red cluster status in TEST",
        "ComparisonOperator": "GreaterThanThreshold",
        "Dimensions": Array [
          Object {
            "Name": "Cluster",
            "Value": "elk",
          },
        ],
        "EvaluationPeriods": 1,
        "MetricName": "Status",
        "Namespace": "deploy/elk",
        "Period": 60,
        "Statistic": "Maximum",
        "Threshold": 1,
      },
      "Type": "AWS::CloudWatch::Alarm",
    },
    "ScheduledLambda68819433": Object {
      "DependsOn": Array [
        "ScheduledLambdaServiceRoleDefaultPolicy790AF47E",
        "ScheduledLambdaServiceRoleC946C6E8",
      ],
      "Properties": Object {
        "Code": Object {
          "S3Bucket": Object {
            "Ref": "DistributionBucketName",
          },
          "S3Key": "deploy/TEST/elastic-search-monitor/elastic-search-monitor.jar",
        },
        "Description": "Monitors your Elasticsearch cluster and reports metrics to CloudWatch",
        "Environment": Object {
          "Variables": Object {
            "APP": "elastic-search-monitor",
            "CLUSTER_NAME": "elk",
            "STACK": "deploy",
            "STAGE": "TEST",
            "TAG_QUERY_APP": "elk-es-master",
            "TAG_QUERY_STACK": "deploy",
          },
        },
        "Handler": "com.gu.elasticsearchmonitor.Lambda::handler",
        "MemorySize": 1024,
        "Role": Object {
          "Fn::GetAtt": Array [
            "ScheduledLambdaServiceRoleC946C6E8",
            "Arn",
          ],
        },
        "Runtime": "java8",
        "Tags": Array [
          Object {
            "Key": "App",
            "Value": "elastic-search-monitor",
          },
          Object {
            "Key": "gu:cdk:version",
            "Value": "TEST",
          },
          Object {
            "Key": "gu:repo",
            "Value": "guardian/elastic-search-monitor",
          },
          Object {
            "Key": "Stack",
            "Value": "deploy",
          },
          Object {
            "Key": "Stage",
            "Value": "TEST",
          },
        ],
        "Timeout": 30,
        "VpcConfig": Object {
          "SecurityGroupIds": Array [
            Object {
              "Ref": "ClusterSecurityGroup",
            },
          ],
          "SubnetIds": Object {
            "Ref": "PrivateSubnets",
          },
        },
      },
      "Type": "AWS::Lambda::Function",
    },
    "ScheduledLambdaErrorPercentageAlarmForLambda6F1E8BCD": Object {
      "Properties": Object {
        "ActionsEnabled": true,
        "AlarmActions": Array [
          Object {
            "Fn::Join": Array [
              "",
              Array [
                "arn:aws:sns:",
                Object {
                  "Ref": "AWS::Region",
                },
                ":",
                Object {
                  "Ref": "AWS::AccountId",
                },
                ":devx-alerts",
              ],
            ],
          },
        ],
        "AlarmDescription": Object {
          "Fn::Join": Array [
            "",
            Array [
              Object {
                "Ref": "ScheduledLambda68819433",
              },
              " exceeded 99% error rate",
            ],
          ],
        },
        "AlarmName": Object {
          "Fn::Join": Array [
            "",
            Array [
              "High error % from ",
              Object {
                "Ref": "ScheduledLambda68819433",
              },
              " lambda in TEST",
            ],
          ],
        },
        "ComparisonOperator": "GreaterThanThreshold",
        "EvaluationPeriods": 30,
        "Metrics": Array [
          Object {
            "Expression": "100*m1/m2",
            "Id": "expr_1",
            "Label": Object {
              "Fn::Join": Array [
                "",
                Array [
                  "Error % of ",
                  Object {
                    "Ref": "ScheduledLambda68819433",
                  },
                ],
              ],
            },
          },
          Object {
            "Id": "m1",
            "MetricStat": Object {
              "Metric": Object {
                "Dimensions": Array [
                  Object {
                    "Name": "FunctionName",
                    "Value": Object {
                      "Ref": "ScheduledLambda68819433",
                    },
                  },
                ],
                "MetricName": "Errors",
                "Namespace": "AWS/Lambda",
              },
              "Period": 60,
              "Stat": "Sum",
            },
            "ReturnData": false,
          },
          Object {
            "Id": "m2",
            "MetricStat": Object {
              "Metric": Object {
                "Dimensions": Array [
                  Object {
                    "Name": "FunctionName",
                    "Value": Object {
                      "Ref": "ScheduledLambda68819433",
                    },
                  },
                ],
                "MetricName": "Invocations",
                "Namespace": "AWS/Lambda",
              },
              "Period": 60,
              "Stat": "Sum",
            },
            "ReturnData": false,
          },
        ],
        "Threshold": 99,
        "TreatMissingData": "notBreaching",
      },
      "Type": "AWS::CloudWatch::Alarm",
    },
    "ScheduledLambdaScheduledLambdarate1minute0064C7EC4": Object {
      "Properties": Object {
        "ScheduleExpression": "rate(1 minute)",
        "State": "ENABLED",
        "Targets": Array [
          Object {
            "Arn": Object {
              "Fn::GetAtt": Array [
                "ScheduledLambda68819433",
                "Arn",
              ],
            },
            "Id": "Target0",
          },
        ],
      },
      "Type": "AWS::Events::Rule",
    },
    "ScheduledLambdaScheduledLambdarate1minute0AllowEventRuleElasticSearchMonitorScheduledLambdaDFD7F6B32CFE3E7A": Object {
      "Properties": Object {
        "Action": "lambda:InvokeFunction",
        "FunctionName": Object {
          "Fn::GetAtt": Array [
            "ScheduledLambda68819433",
            "Arn",
          ],
        },
        "Principal": "events.amazonaws.com",
        "SourceArn": Object {
          "Fn::GetAtt": Array [
            "ScheduledLambdaScheduledLambdarate1minute0064C7EC4",
            "Arn",
          ],
        },
      },
      "Type": "AWS::Lambda::Permission",
    },
    "ScheduledLambdaServiceRoleC946C6E8": Object {
      "Properties": Object {
        "AssumeRolePolicyDocument": Object {
          "Statement": Array [
            Object {
              "Action": "sts:AssumeRole",
              "Effect": "Allow",
              "Principal": Object {
                "Service": "lambda.amazonaws.com",
              },
            },
          ],
          "Version": "2012-10-17",
        },
        "ManagedPolicyArns": Array [
          Object {
            "Fn::Join": Array [
              "",
              Array [
                "arn:",
                Object {
                  "Ref": "AWS::Partition",
                },
                ":iam::aws:policy/service-role/AWSLambdaBasicExecutionRole",
              ],
            ],
          },
          Object {
            "Fn::Join": Array [
              "",
              Array [
                "arn:",
                Object {
                  "Ref": "AWS::Partition",
                },
                ":iam::aws:policy/service-role/AWSLambdaVPCAccessExecutionRole",
              ],
            ],
          },
        ],
        "Tags": Array [
          Object {
            "Key": "App",
            "Value": "elastic-search-monitor",
          },
          Object {
            "Key": "gu:cdk:version",
            "Value": "TEST",
          },
          Object {
            "Key": "gu:repo",
            "Value": "guardian/elastic-search-monitor",
          },
          Object {
            "Key": "Stack",
            "Value": "deploy",
          },
          Object {
            "Key": "Stage",
            "Value": "TEST",
          },
        ],
      },
      "Type": "AWS::IAM::Role",
    },
    "ScheduledLambdaServiceRoleDefaultPolicy790AF47E": Object {
      "Properties": Object {
        "PolicyDocument": Object {
          "Statement": Array [
            Object {
              "Action": Array [
                "s3:GetObject*",
                "s3:GetBucket*",
                "s3:List*",
              ],
              "Effect": "Allow",
              "Resource": Array [
                Object {
                  "Fn::Join": Array [
                    "",
                    Array [
                      "arn:",
                      Object {
                        "Ref": "AWS::Partition",
                      },
                      ":s3:::",
                      Object {
                        "Ref": "DistributionBucketName",
                      },
                    ],
                  ],
                },
                Object {
                  "Fn::Join": Array [
                    "",
                    Array [
                      "arn:",
                      Object {
                        "Ref": "AWS::Partition",
                      },
                      ":s3:::",
                      Object {
                        "Ref": "DistributionBucketName",
                      },
                      "/*",
                    ],
                  ],
                },
              ],
            },
            Object {
              "Action": "ssm:GetParametersByPath",
              "Effect": "Allow",
              "Resource": Object {
                "Fn::Join": Array [
                  "",
                  Array [
                    "arn:aws:ssm:",
                    Object {
                      "Ref": "AWS::Region",
                    },
                    ":",
                    Object {
                      "Ref": "AWS::AccountId",
                    },
                    ":parameter/TEST/deploy/elastic-search-monitor",
                  ],
                ],
              },
            },
            Object {
              "Action": Array [
                "ssm:GetParameters",
                "ssm:GetParameter",
              ],
              "Effect": "Allow",
              "Resource": Object {
                "Fn::Join": Array [
                  "",
                  Array [
                    "arn:aws:ssm:",
                    Object {
                      "Ref": "AWS::Region",
                    },
                    ":",
                    Object {
                      "Ref": "AWS::AccountId",
                    },
                    ":parameter/TEST/deploy/elastic-search-monitor/*",
                  ],
                ],
              },
            },
            Object {
              "Action": Array [
                "ec2:CreateNetworkInterface",
                "ec2:DescribeNetworkInterfaces",
                "ec2:DeleteNetworkInterface",
              ],
              "Effect": "Allow",
              "Resource": "*",
            },
            Object {
              "Action": "ec2:DescribeInstances",
              "Effect": "Allow",
              "Resource": "*",
            },
            Object {
              "Action": "cloudwatch:PutMetricData",
              "Effect": "Allow",
              "Resource": "*",
            },
          ],
          "Version": "2012-10-17",
        },
        "PolicyName": "ScheduledLambdaServiceRoleDefaultPolicy790AF47E",
        "Roles": Array [
          Object {
            "Ref": "ScheduledLambdaServiceRoleC946C6E8",
          },
        ],
      },
      "Type": "AWS::IAM::Policy",
    },
  },
}
`;
