// Jest Snapshot v1, https://goo.gl/fbAQLP

exports[`The ElasticSearchMonitor stack matches the snapshot 1`] = `
{
  "Metadata": {
    "gu:cdk:constructs": [
      "GuVpcParameter",
      "GuSubnetListParameter",
      "GuDistributionBucketParameter",
      "GuScheduledLambda",
      "GuLambdaErrorPercentageAlarm",
      "GuAlarm",
      "GuAlarm",
      "GuAlarm",
      "GuAlarm",
      "GuAlarm",
      "GuAlarm",
    ],
    "gu:cdk:version": "TEST",
  },
  "Parameters": {
    "ClusterSecurityGroup": {
      "Description": "A security group allowing the lambda to connect to Elasticsearch on port 9200 over TCP",
      "Type": "AWS::EC2::SecurityGroup::Id",
    },
    "DistributionBucketName": {
      "Default": "/account/services/artifact.bucket",
      "Description": "SSM parameter containing the S3 bucket name holding distribution artifacts",
      "Type": "AWS::SSM::Parameter::Value<String>",
    },
    "PrivateSubnets": {
      "Default": "/account/vpc/primary/subnets/private",
      "Description": "A list of private subnets",
      "Type": "AWS::SSM::Parameter::Value<List<AWS::EC2::Subnet::Id>>",
    },
    "VpcId": {
      "Default": "/account/vpc/primary/id",
      "Description": "Virtual Private Cloud to run EC2 instances within. Should NOT be the account default VPC.",
      "Type": "AWS::SSM::Parameter::Value<AWS::EC2::VPC::Id>",
    },
  },
  "Resources": {
    "ClusterStatusAlarm75657749": {
      "Properties": {
        "ActionsEnabled": true,
        "AlarmActions": [
          {
            "Fn::Join": [
              "",
              [
                "arn:aws:sns:",
                {
                  "Ref": "AWS::Region",
                },
                ":",
                {
                  "Ref": "AWS::AccountId",
                },
                ":",
                {
                  "Fn::GetAtt": [
                    "ElkAlertChannel1915A337",
                    "TopicName",
                  ],
                },
              ],
            ],
          },
        ],
        "AlarmDescription": "Unexpected cluster status in TEST. See cloudwatch metric value for current cluster status (Green = 0, Yellow = 1, Red = 2). Runbook: https://docs.google.com/document/d/1PuEvL7L-CTV72Jx4OmiB3y5hlMmJR7Xz-YxYWAMiGdY",
        "ComparisonOperator": "GreaterThanThreshold",
        "Dimensions": [
          {
            "Name": "Cluster",
            "Value": "elk",
          },
        ],
        "EvaluationPeriods": 30,
        "MetricName": "Status",
        "Namespace": "deploy/elk",
        "Period": 60,
        "Statistic": "Maximum",
        "Tags": [
          {
            "Key": "gu:cdk:version",
            "Value": "TEST",
          },
          {
            "Key": "gu:repo",
            "Value": "guardian/elastic-search-monitor",
          },
          {
            "Key": "Stack",
            "Value": "deploy",
          },
          {
            "Key": "Stage",
            "Value": "TEST",
          },
        ],
        "Threshold": 0,
      },
      "Type": "AWS::CloudWatch::Alarm",
    },
    "DataNodeCountAlarm0ECE9147": {
      "Properties": {
        "ActionsEnabled": true,
        "AlarmActions": [
          {
            "Fn::Join": [
              "",
              [
                "arn:aws:sns:",
                {
                  "Ref": "AWS::Region",
                },
                ":",
                {
                  "Ref": "AWS::AccountId",
                },
                ":",
                {
                  "Fn::GetAtt": [
                    "ElkAlertChannel1915A337",
                    "TopicName",
                  ],
                },
              ],
            ],
          },
        ],
        "AlarmDescription": "Unexpected count of data nodes in TEST. Runbook: https://docs.google.com/document/d/1PuEvL7L-CTV72Jx4OmiB3y5hlMmJR7Xz-YxYWAMiGdY",
        "ComparisonOperator": "LessThanThreshold",
        "Dimensions": [
          {
            "Name": "Cluster",
            "Value": "elk",
          },
        ],
        "EvaluationPeriods": 2,
        "MetricName": "NumberOfDataNodes",
        "Namespace": "deploy/elk",
        "Period": 60,
        "Statistic": "Minimum",
        "Tags": [
          {
            "Key": "gu:cdk:version",
            "Value": "TEST",
          },
          {
            "Key": "gu:repo",
            "Value": "guardian/elastic-search-monitor",
          },
          {
            "Key": "Stack",
            "Value": "deploy",
          },
          {
            "Key": "Stage",
            "Value": "TEST",
          },
        ],
        "Threshold": 4,
      },
      "Type": "AWS::CloudWatch::Alarm",
    },
    "DataNodeJvmHeapUsageAlarmDECB3926": {
      "Properties": {
        "ActionsEnabled": true,
        "AlarmActions": [
          {
            "Fn::Join": [
              "",
              [
                "arn:aws:sns:",
                {
                  "Ref": "AWS::Region",
                },
                ":",
                {
                  "Ref": "AWS::AccountId",
                },
                ":",
                {
                  "Fn::GetAtt": [
                    "ElkAlertChannel1915A337",
                    "TopicName",
                  ],
                },
              ],
            ],
          },
        ],
        "AlarmDescription": "A data node is using too much of its heap in TEST",
        "ComparisonOperator": "GreaterThanThreshold",
        "Dimensions": [
          {
            "Name": "Cluster",
            "Value": "elk",
          },
        ],
        "EvaluationPeriods": 2,
        "MetricName": "MaxJvmHeapUsage",
        "Namespace": "deploy/elk",
        "Period": 60,
        "Statistic": "Maximum",
        "Tags": [
          {
            "Key": "gu:cdk:version",
            "Value": "TEST",
          },
          {
            "Key": "gu:repo",
            "Value": "guardian/elastic-search-monitor",
          },
          {
            "Key": "Stack",
            "Value": "deploy",
          },
          {
            "Key": "Stage",
            "Value": "TEST",
          },
        ],
        "Threshold": 85,
      },
      "Type": "AWS::CloudWatch::Alarm",
    },
    "DataNodeLowStorageAlarm72D42DBD": {
      "Properties": {
        "ActionsEnabled": true,
        "AlarmActions": [
          {
            "Fn::Join": [
              "",
              [
                "arn:aws:sns:",
                {
                  "Ref": "AWS::Region",
                },
                ":",
                {
                  "Ref": "AWS::AccountId",
                },
                ":",
                {
                  "Fn::GetAtt": [
                    "ElkAlertChannel1915A337",
                    "TopicName",
                  ],
                },
              ],
            ],
          },
        ],
        "AlarmDescription": "A data node is running on less than 80% disk space.
    For more context and troubleshooting instructions, see the runbook:
    https://docs.google.com/document/d/1PuEvL7L-CTV72Jx4OmiB3y5hlMmJR7Xz-YxYWAMiGdY/edit#heading=h.8h00c65wqmv0",
        "ComparisonOperator": "LessThanThreshold",
        "Dimensions": [
          {
            "Name": "Cluster",
            "Value": "elk",
          },
        ],
        "EvaluationPeriods": 2,
        "MetricName": "MinAvailableDiskSpace",
        "Namespace": "deploy/elk",
        "Period": 60,
        "Statistic": "Minimum",
        "Tags": [
          {
            "Key": "gu:cdk:version",
            "Value": "TEST",
          },
          {
            "Key": "gu:repo",
            "Value": "guardian/elastic-search-monitor",
          },
          {
            "Key": "Stack",
            "Value": "deploy",
          },
          {
            "Key": "Stage",
            "Value": "TEST",
          },
        ],
        "Threshold": 1000083134874,
      },
      "Type": "AWS::CloudWatch::Alarm",
    },
    "ElkAlertChannel1915A337": {
      "Properties": {
        "DisplayName": "ELK alert channel for TEST",
        "Tags": [
          {
            "Key": "gu:cdk:version",
            "Value": "TEST",
          },
          {
            "Key": "gu:repo",
            "Value": "guardian/elastic-search-monitor",
          },
          {
            "Key": "Stack",
            "Value": "deploy",
          },
          {
            "Key": "Stage",
            "Value": "TEST",
          },
        ],
        "TopicName": "elk-alerts-TEST",
      },
      "Type": "AWS::SNS::Topic",
    },
    "ElkAlertChanneldevxsecopsguardiancouk276AF53D": {
      "Properties": {
        "Endpoint": "devx.sec.ops@guardian.co.uk",
        "Protocol": "email",
        "TopicArn": {
          "Ref": "ElkAlertChannel1915A337",
        },
      },
      "Type": "AWS::SNS::Subscription",
    },
    "MasterNodeCountAlarmFE01B272": {
      "Properties": {
        "ActionsEnabled": true,
        "AlarmActions": [
          {
            "Fn::Join": [
              "",
              [
                "arn:aws:sns:",
                {
                  "Ref": "AWS::Region",
                },
                ":",
                {
                  "Ref": "AWS::AccountId",
                },
                ":",
                {
                  "Fn::GetAtt": [
                    "ElkAlertChannel1915A337",
                    "TopicName",
                  ],
                },
              ],
            ],
          },
        ],
        "AlarmDescription": "Unexpected count of master nodes in TEST. Runbook: https://docs.google.com/document/d/1PuEvL7L-CTV72Jx4OmiB3y5hlMmJR7Xz-YxYWAMiGdY",
        "ComparisonOperator": "LessThanThreshold",
        "Dimensions": [
          {
            "Name": "Cluster",
            "Value": "elk",
          },
        ],
        "EvaluationPeriods": 2,
        "MetricName": "NumberOfRespondingMastersNodes",
        "Namespace": "deploy/elk",
        "Period": 60,
        "Statistic": "Minimum",
        "Tags": [
          {
            "Key": "gu:cdk:version",
            "Value": "TEST",
          },
          {
            "Key": "gu:repo",
            "Value": "guardian/elastic-search-monitor",
          },
          {
            "Key": "Stack",
            "Value": "deploy",
          },
          {
            "Key": "Stage",
            "Value": "TEST",
          },
        ],
        "Threshold": 3,
      },
      "Type": "AWS::CloudWatch::Alarm",
    },
    "RedClusterStatusAlarm42644991": {
      "Properties": {
        "ActionsEnabled": true,
        "AlarmActions": [
          {
            "Fn::Join": [
              "",
              [
                "arn:aws:sns:",
                {
                  "Ref": "AWS::Region",
                },
                ":",
                {
                  "Ref": "AWS::AccountId",
                },
                ":",
                {
                  "Fn::GetAtt": [
                    "ElkAlertChannel1915A337",
                    "TopicName",
                  ],
                },
              ],
            ],
          },
        ],
        "AlarmDescription": "Red cluster status in TEST. See cloudwatch metric value for current cluster status (Green = 0, Yellow = 1, Red = 2). Runbook: https://docs.google.com/document/d/1PuEvL7L-CTV72Jx4OmiB3y5hlMmJR7Xz-YxYWAMiGdY",
        "ComparisonOperator": "GreaterThanThreshold",
        "Dimensions": [
          {
            "Name": "Cluster",
            "Value": "elk",
          },
        ],
        "EvaluationPeriods": 1,
        "MetricName": "Status",
        "Namespace": "deploy/elk",
        "Period": 60,
        "Statistic": "Maximum",
        "Tags": [
          {
            "Key": "gu:cdk:version",
            "Value": "TEST",
          },
          {
            "Key": "gu:repo",
            "Value": "guardian/elastic-search-monitor",
          },
          {
            "Key": "Stack",
            "Value": "deploy",
          },
          {
            "Key": "Stage",
            "Value": "TEST",
          },
        ],
        "Threshold": 1,
      },
      "Type": "AWS::CloudWatch::Alarm",
    },
    "ScheduledLambda68819433": {
      "DependsOn": [
        "ScheduledLambdaServiceRoleDefaultPolicy790AF47E",
        "ScheduledLambdaServiceRoleC946C6E8",
      ],
      "Properties": {
        "Code": {
          "S3Bucket": {
            "Ref": "DistributionBucketName",
          },
          "S3Key": "deploy/TEST/elastic-search-monitor/elastic-search-monitor.jar",
        },
        "Description": "Monitors your Elasticsearch cluster and reports metrics to CloudWatch",
        "Environment": {
          "Variables": {
            "APP": "elastic-search-monitor",
            "CLUSTER_NAME": "elk",
            "STACK": "deploy",
            "STAGE": "TEST",
            "TAG_QUERY_APP": "elk-es-master",
            "TAG_QUERY_STACK": "deploy",
          },
        },
        "Handler": "com.gu.elasticsearchmonitor.Lambda::handler",
        "LoggingConfig": {
          "LogFormat": "JSON",
        },
        "MemorySize": 1024,
        "Role": {
          "Fn::GetAtt": [
            "ScheduledLambdaServiceRoleC946C6E8",
            "Arn",
          ],
        },
        "Runtime": "java11",
        "Tags": [
          {
            "Key": "App",
            "Value": "elastic-search-monitor",
          },
          {
            "Key": "gu:cdk:version",
            "Value": "TEST",
          },
          {
            "Key": "gu:repo",
            "Value": "guardian/elastic-search-monitor",
          },
          {
            "Key": "Stack",
            "Value": "deploy",
          },
          {
            "Key": "Stage",
            "Value": "TEST",
          },
        ],
        "Timeout": 30,
        "VpcConfig": {
          "SecurityGroupIds": [
            {
              "Ref": "ClusterSecurityGroup",
            },
          ],
          "SubnetIds": {
            "Ref": "PrivateSubnets",
          },
        },
      },
      "Type": "AWS::Lambda::Function",
    },
    "ScheduledLambdaErrorPercentageAlarmForLambda6F1E8BCD": {
      "Properties": {
        "ActionsEnabled": true,
        "AlarmActions": [
          {
            "Fn::Join": [
              "",
              [
                "arn:aws:sns:",
                {
                  "Ref": "AWS::Region",
                },
                ":",
                {
                  "Ref": "AWS::AccountId",
                },
                ":devx-alerts",
              ],
            ],
          },
        ],
        "AlarmDescription": {
          "Fn::Join": [
            "",
            [
              {
                "Ref": "ScheduledLambda68819433",
              },
              " exceeded 99% error rate",
            ],
          ],
        },
        "AlarmName": {
          "Fn::Join": [
            "",
            [
              "High error percentage from ",
              {
                "Ref": "ScheduledLambda68819433",
              },
              " lambda in TEST",
            ],
          ],
        },
        "ComparisonOperator": "GreaterThanThreshold",
        "EvaluationPeriods": 30,
        "Metrics": [
          {
            "Expression": "100*m1/m2",
            "Id": "expr_1",
            "Label": {
              "Fn::Join": [
                "",
                [
                  "Error % of ",
                  {
                    "Ref": "ScheduledLambda68819433",
                  },
                ],
              ],
            },
          },
          {
            "Id": "m1",
            "MetricStat": {
              "Metric": {
                "Dimensions": [
                  {
                    "Name": "FunctionName",
                    "Value": {
                      "Ref": "ScheduledLambda68819433",
                    },
                  },
                ],
                "MetricName": "Errors",
                "Namespace": "AWS/Lambda",
              },
              "Period": 60,
              "Stat": "Sum",
            },
            "ReturnData": false,
          },
          {
            "Id": "m2",
            "MetricStat": {
              "Metric": {
                "Dimensions": [
                  {
                    "Name": "FunctionName",
                    "Value": {
                      "Ref": "ScheduledLambda68819433",
                    },
                  },
                ],
                "MetricName": "Invocations",
                "Namespace": "AWS/Lambda",
              },
              "Period": 60,
              "Stat": "Sum",
            },
            "ReturnData": false,
          },
        ],
        "Tags": [
          {
            "Key": "gu:cdk:version",
            "Value": "TEST",
          },
          {
            "Key": "gu:repo",
            "Value": "guardian/elastic-search-monitor",
          },
          {
            "Key": "Stack",
            "Value": "deploy",
          },
          {
            "Key": "Stage",
            "Value": "TEST",
          },
        ],
        "Threshold": 99,
        "TreatMissingData": "notBreaching",
      },
      "Type": "AWS::CloudWatch::Alarm",
    },
    "ScheduledLambdaScheduledLambdarate1minute0064C7EC4": {
      "Properties": {
        "ScheduleExpression": "rate(1 minute)",
        "State": "ENABLED",
        "Targets": [
          {
            "Arn": {
              "Fn::GetAtt": [
                "ScheduledLambda68819433",
                "Arn",
              ],
            },
            "Id": "Target0",
          },
        ],
      },
      "Type": "AWS::Events::Rule",
    },
    "ScheduledLambdaScheduledLambdarate1minute0AllowEventRuleElasticSearchMonitorScheduledLambdaDFD7F6B32CFE3E7A": {
      "Properties": {
        "Action": "lambda:InvokeFunction",
        "FunctionName": {
          "Fn::GetAtt": [
            "ScheduledLambda68819433",
            "Arn",
          ],
        },
        "Principal": "events.amazonaws.com",
        "SourceArn": {
          "Fn::GetAtt": [
            "ScheduledLambdaScheduledLambdarate1minute0064C7EC4",
            "Arn",
          ],
        },
      },
      "Type": "AWS::Lambda::Permission",
    },
    "ScheduledLambdaServiceRoleC946C6E8": {
      "Properties": {
        "AssumeRolePolicyDocument": {
          "Statement": [
            {
              "Action": "sts:AssumeRole",
              "Effect": "Allow",
              "Principal": {
                "Service": "lambda.amazonaws.com",
              },
            },
          ],
          "Version": "2012-10-17",
        },
        "ManagedPolicyArns": [
          {
            "Fn::Join": [
              "",
              [
                "arn:",
                {
                  "Ref": "AWS::Partition",
                },
                ":iam::aws:policy/service-role/AWSLambdaBasicExecutionRole",
              ],
            ],
          },
          {
            "Fn::Join": [
              "",
              [
                "arn:",
                {
                  "Ref": "AWS::Partition",
                },
                ":iam::aws:policy/service-role/AWSLambdaVPCAccessExecutionRole",
              ],
            ],
          },
        ],
        "Tags": [
          {
            "Key": "App",
            "Value": "elastic-search-monitor",
          },
          {
            "Key": "gu:cdk:version",
            "Value": "TEST",
          },
          {
            "Key": "gu:repo",
            "Value": "guardian/elastic-search-monitor",
          },
          {
            "Key": "Stack",
            "Value": "deploy",
          },
          {
            "Key": "Stage",
            "Value": "TEST",
          },
        ],
      },
      "Type": "AWS::IAM::Role",
    },
    "ScheduledLambdaServiceRoleDefaultPolicy790AF47E": {
      "Properties": {
        "PolicyDocument": {
          "Statement": [
            {
              "Action": [
                "s3:GetObject*",
                "s3:GetBucket*",
                "s3:List*",
              ],
              "Effect": "Allow",
              "Resource": [
                {
                  "Fn::Join": [
                    "",
                    [
                      "arn:",
                      {
                        "Ref": "AWS::Partition",
                      },
                      ":s3:::",
                      {
                        "Ref": "DistributionBucketName",
                      },
                    ],
                  ],
                },
                {
                  "Fn::Join": [
                    "",
                    [
                      "arn:",
                      {
                        "Ref": "AWS::Partition",
                      },
                      ":s3:::",
                      {
                        "Ref": "DistributionBucketName",
                      },
                      "/deploy/TEST/elastic-search-monitor/elastic-search-monitor.jar",
                    ],
                  ],
                },
              ],
            },
            {
              "Action": "ssm:GetParametersByPath",
              "Effect": "Allow",
              "Resource": {
                "Fn::Join": [
                  "",
                  [
                    "arn:aws:ssm:",
                    {
                      "Ref": "AWS::Region",
                    },
                    ":",
                    {
                      "Ref": "AWS::AccountId",
                    },
                    ":parameter/TEST/deploy/elastic-search-monitor",
                  ],
                ],
              },
            },
            {
              "Action": [
                "ssm:GetParameters",
                "ssm:GetParameter",
              ],
              "Effect": "Allow",
              "Resource": {
                "Fn::Join": [
                  "",
                  [
                    "arn:aws:ssm:",
                    {
                      "Ref": "AWS::Region",
                    },
                    ":",
                    {
                      "Ref": "AWS::AccountId",
                    },
                    ":parameter/TEST/deploy/elastic-search-monitor/*",
                  ],
                ],
              },
            },
            {
              "Action": [
                "ec2:CreateNetworkInterface",
                "ec2:DescribeNetworkInterfaces",
                "ec2:DeleteNetworkInterface",
              ],
              "Effect": "Allow",
              "Resource": "*",
            },
            {
              "Action": "ec2:DescribeInstances",
              "Effect": "Allow",
              "Resource": "*",
            },
            {
              "Action": "cloudwatch:PutMetricData",
              "Effect": "Allow",
              "Resource": "*",
            },
          ],
          "Version": "2012-10-17",
        },
        "PolicyName": "ScheduledLambdaServiceRoleDefaultPolicy790AF47E",
        "Roles": [
          {
            "Ref": "ScheduledLambdaServiceRoleC946C6E8",
          },
        ],
      },
      "Type": "AWS::IAM::Policy",
    },
  },
}
`;
