// Jest Snapshot v1, https://goo.gl/fbAQLP

exports[`The ElasticSearchMonitor stack matches the snapshot 1`] = `
Object {
  "Parameters": Object {
    "ClusterSecurityGroup": Object {
      "Description": "A security group allowing the lambda to connect to Elasticsearch on port 9200 over TCP",
      "Type": "AWS::EC2::SecurityGroup::Id",
    },
    "DistributionBucketName": Object {
      "Default": "/account/services/artifact.bucket",
      "Description": "SSM parameter containing the S3 bucket name holding distribution artifacts",
      "Type": "AWS::SSM::Parameter::Value<String>",
    },
    "PrivateSubnets": Object {
      "Default": "/account/vpc/primary/subnets/private",
      "Description": "A list of private subnets",
      "Type": "AWS::SSM::Parameter::Value<List<AWS::EC2::Subnet::Id>>",
    },
    "VpcId": Object {
      "Default": "/account/vpc/primary/id",
      "Description": "Virtual Private Cloud to run EC2 instances within. Should NOT be the account default VPC.",
      "Type": "AWS::SSM::Parameter::Value<AWS::EC2::VPC::Id>",
    },
  },
  "Resources": Object {
    "ScheduledLambda68819433": Object {
      "DependsOn": Array [
        "ScheduledLambdaServiceRoleDefaultPolicy790AF47E",
        "ScheduledLambdaServiceRoleC946C6E8",
      ],
      "Properties": Object {
        "Code": Object {
          "S3Bucket": Object {
            "Ref": "DistributionBucketName",
          },
          "S3Key": "deploy/TEST/elastic-search-monitor/elastic-search-monitor.jar",
        },
        "Description": "Monitors your Elasticsearch cluster and reports metrics to CloudWatch",
        "Environment": Object {
          "Variables": Object {
            "APP": "elastic-search-monitor",
            "CLUSTER_NAME": "elk",
            "STACK": "deploy",
            "STAGE": "TEST",
            "TAG_QUERY_APP": "elk-es-master",
            "TAG_QUERY_STACK": "deploy",
          },
        },
        "Handler": "com.gu.elasticsearchmonitor.Lambda::handler",
        "MemorySize": 1024,
        "Role": Object {
          "Fn::GetAtt": Array [
            "ScheduledLambdaServiceRoleC946C6E8",
            "Arn",
          ],
        },
        "Runtime": "java8",
        "Tags": Array [
          Object {
            "Key": "App",
            "Value": "elastic-search-monitor",
          },
          Object {
            "Key": "gu:cdk:version",
            "Value": "TEST",
          },
          Object {
            "Key": "gu:repo",
            "Value": "guardian/elastic-search-monitor",
          },
          Object {
            "Key": "Stack",
            "Value": "deploy",
          },
          Object {
            "Key": "Stage",
            "Value": "TEST",
          },
        ],
        "Timeout": 30,
        "VpcConfig": Object {
          "SecurityGroupIds": Array [
            Object {
              "Ref": "ClusterSecurityGroup",
            },
          ],
          "SubnetIds": Object {
            "Ref": "PrivateSubnets",
          },
        },
      },
      "Type": "AWS::Lambda::Function",
    },
    "ScheduledLambdaScheduledLambdarate1minute0064C7EC4": Object {
      "Properties": Object {
        "ScheduleExpression": "rate(1 minute)",
        "State": "ENABLED",
        "Targets": Array [
          Object {
            "Arn": Object {
              "Fn::GetAtt": Array [
                "ScheduledLambda68819433",
                "Arn",
              ],
            },
            "Id": "Target0",
          },
        ],
      },
      "Type": "AWS::Events::Rule",
    },
    "ScheduledLambdaScheduledLambdarate1minute0AllowEventRuleElasticSearchMonitorScheduledLambdaDFD7F6B32CFE3E7A": Object {
      "Properties": Object {
        "Action": "lambda:InvokeFunction",
        "FunctionName": Object {
          "Fn::GetAtt": Array [
            "ScheduledLambda68819433",
            "Arn",
          ],
        },
        "Principal": "events.amazonaws.com",
        "SourceArn": Object {
          "Fn::GetAtt": Array [
            "ScheduledLambdaScheduledLambdarate1minute0064C7EC4",
            "Arn",
          ],
        },
      },
      "Type": "AWS::Lambda::Permission",
    },
    "ScheduledLambdaServiceRoleC946C6E8": Object {
      "Properties": Object {
        "AssumeRolePolicyDocument": Object {
          "Statement": Array [
            Object {
              "Action": "sts:AssumeRole",
              "Effect": "Allow",
              "Principal": Object {
                "Service": "lambda.amazonaws.com",
              },
            },
          ],
          "Version": "2012-10-17",
        },
        "ManagedPolicyArns": Array [
          Object {
            "Fn::Join": Array [
              "",
              Array [
                "arn:",
                Object {
                  "Ref": "AWS::Partition",
                },
                ":iam::aws:policy/service-role/AWSLambdaBasicExecutionRole",
              ],
            ],
          },
          Object {
            "Fn::Join": Array [
              "",
              Array [
                "arn:",
                Object {
                  "Ref": "AWS::Partition",
                },
                ":iam::aws:policy/service-role/AWSLambdaVPCAccessExecutionRole",
              ],
            ],
          },
        ],
        "Tags": Array [
          Object {
            "Key": "App",
            "Value": "elastic-search-monitor",
          },
          Object {
            "Key": "gu:cdk:version",
            "Value": "TEST",
          },
          Object {
            "Key": "gu:repo",
            "Value": "guardian/elastic-search-monitor",
          },
          Object {
            "Key": "Stack",
            "Value": "deploy",
          },
          Object {
            "Key": "Stage",
            "Value": "TEST",
          },
        ],
      },
      "Type": "AWS::IAM::Role",
    },
    "ScheduledLambdaServiceRoleDefaultPolicy790AF47E": Object {
      "Properties": Object {
        "PolicyDocument": Object {
          "Statement": Array [
            Object {
              "Action": Array [
                "s3:GetObject*",
                "s3:GetBucket*",
                "s3:List*",
              ],
              "Effect": "Allow",
              "Resource": Array [
                Object {
                  "Fn::Join": Array [
                    "",
                    Array [
                      "arn:",
                      Object {
                        "Ref": "AWS::Partition",
                      },
                      ":s3:::",
                      Object {
                        "Ref": "DistributionBucketName",
                      },
                    ],
                  ],
                },
                Object {
                  "Fn::Join": Array [
                    "",
                    Array [
                      "arn:",
                      Object {
                        "Ref": "AWS::Partition",
                      },
                      ":s3:::",
                      Object {
                        "Ref": "DistributionBucketName",
                      },
                      "/*",
                    ],
                  ],
                },
              ],
            },
            Object {
              "Action": "ssm:GetParametersByPath",
              "Effect": "Allow",
              "Resource": Object {
                "Fn::Join": Array [
                  "",
                  Array [
                    "arn:aws:ssm:",
                    Object {
                      "Ref": "AWS::Region",
                    },
                    ":",
                    Object {
                      "Ref": "AWS::AccountId",
                    },
                    ":parameter/TEST/deploy/elastic-search-monitor",
                  ],
                ],
              },
            },
            Object {
              "Action": Array [
                "ssm:GetParameters",
                "ssm:GetParameter",
              ],
              "Effect": "Allow",
              "Resource": Object {
                "Fn::Join": Array [
                  "",
                  Array [
                    "arn:aws:ssm:",
                    Object {
                      "Ref": "AWS::Region",
                    },
                    ":",
                    Object {
                      "Ref": "AWS::AccountId",
                    },
                    ":parameter/TEST/deploy/elastic-search-monitor/*",
                  ],
                ],
              },
            },
            Object {
              "Action": Array [
                "ec2:CreateNetworkInterface",
                "ec2:DescribeNetworkInterfaces",
                "ec2:DeleteNetworkInterface",
              ],
              "Effect": "Allow",
              "Resource": "*",
            },
            Object {
              "Action": "ec2:DescribeInstances",
              "Effect": "Allow",
              "Resource": "*",
            },
            Object {
              "Action": "cloudwatch:PutMetricData",
              "Effect": "Allow",
              "Resource": "*",
            },
          ],
          "Version": "2012-10-17",
        },
        "PolicyName": "ScheduledLambdaServiceRoleDefaultPolicy790AF47E",
        "Roles": Array [
          Object {
            "Ref": "ScheduledLambdaServiceRoleC946C6E8",
          },
        ],
      },
      "Type": "AWS::IAM::Policy",
    },
  },
}
`;
